Archive member included to satisfy reference by file (symbol)

c:/ac6/systemworkbench/plugins/fr.ac6.mcu.externaltools.arm-none.win32_1.7.0.201602121829/tools/compiler/bin/../lib/gcc/arm-none-eabi/5.2.1/../../../../arm-none-eabi/lib/armv7e-m/fpu\libc_nano.a(lib_a-exit.o)
                              c:/ac6/systemworkbench/plugins/fr.ac6.mcu.externaltools.arm-none.win32_1.7.0.201602121829/tools/compiler/bin/../lib/gcc/arm-none-eabi/5.2.1/../../../../arm-none-eabi/lib/armv7e-m/fpu/crt0.o (exit)
c:/ac6/systemworkbench/plugins/fr.ac6.mcu.externaltools.arm-none.win32_1.7.0.201602121829/tools/compiler/bin/../lib/gcc/arm-none-eabi/5.2.1/../../../../arm-none-eabi/lib/armv7e-m/fpu\libc_nano.a(lib_a-impure.o)
                              c:/ac6/systemworkbench/plugins/fr.ac6.mcu.externaltools.arm-none.win32_1.7.0.201602121829/tools/compiler/bin/../lib/gcc/arm-none-eabi/5.2.1/../../../../arm-none-eabi/lib/armv7e-m/fpu\libc_nano.a(lib_a-exit.o) (_global_impure_ptr)
c:/ac6/systemworkbench/plugins/fr.ac6.mcu.externaltools.arm-none.win32_1.7.0.201602121829/tools/compiler/bin/../lib/gcc/arm-none-eabi/5.2.1/../../../../arm-none-eabi/lib/armv7e-m/fpu\libc_nano.a(lib_a-init.o)
                              c:/ac6/systemworkbench/plugins/fr.ac6.mcu.externaltools.arm-none.win32_1.7.0.201602121829/tools/compiler/bin/../lib/gcc/arm-none-eabi/5.2.1/../../../../arm-none-eabi/lib/armv7e-m/fpu/crt0.o (__libc_init_array)
c:/ac6/systemworkbench/plugins/fr.ac6.mcu.externaltools.arm-none.win32_1.7.0.201602121829/tools/compiler/bin/../lib/gcc/arm-none-eabi/5.2.1/../../../../arm-none-eabi/lib/armv7e-m/fpu\libc_nano.a(lib_a-memset.o)
                              c:/ac6/systemworkbench/plugins/fr.ac6.mcu.externaltools.arm-none.win32_1.7.0.201602121829/tools/compiler/bin/../lib/gcc/arm-none-eabi/5.2.1/../../../../arm-none-eabi/lib/armv7e-m/fpu/crt0.o (memset)
c:/ac6/systemworkbench/plugins/fr.ac6.mcu.externaltools.arm-none.win32_1.7.0.201602121829/tools/compiler/bin/../lib/gcc/arm-none-eabi/5.2.1/../../../../arm-none-eabi/lib/armv7e-m/fpu\libnosys.a(_exit.o)
                              c:/ac6/systemworkbench/plugins/fr.ac6.mcu.externaltools.arm-none.win32_1.7.0.201602121829/tools/compiler/bin/../lib/gcc/arm-none-eabi/5.2.1/../../../../arm-none-eabi/lib/armv7e-m/fpu\libc_nano.a(lib_a-exit.o) (_exit)

Allocating common symbols
Common symbol       size              file

hdma_spi2_rx        0x58              Application/User/main.o
which               0x1               Application/User/main.o
produce_ptr         0x4               Application/User/main.o
uwTick              0x4               Drivers/STM32F4xx_HAL_Driver/stm32f4xx_hal.o
pFlash              0x20              Drivers/STM32F4xx_HAL_Driver/stm32f4xx_hal_flash.o
state               0x1               Application/User/main.o
huart2              0x40              Application/User/main.o
hi2s2               0x44              Application/User/main.o
consume_ptr         0x4               Application/User/main.o

Discarded input sections

 .text          0x00000000        0x0 c:/ac6/systemworkbench/plugins/fr.ac6.mcu.externaltools.arm-none.win32_1.7.0.201602121829/tools/compiler/bin/../lib/gcc/arm-none-eabi/5.2.1/armv7e-m/fpu/crti.o
 .data          0x00000000        0x0 c:/ac6/systemworkbench/plugins/fr.ac6.mcu.externaltools.arm-none.win32_1.7.0.201602121829/tools/compiler/bin/../lib/gcc/arm-none-eabi/5.2.1/armv7e-m/fpu/crti.o
 .bss           0x00000000        0x0 c:/ac6/systemworkbench/plugins/fr.ac6.mcu.externaltools.arm-none.win32_1.7.0.201602121829/tools/compiler/bin/../lib/gcc/arm-none-eabi/5.2.1/armv7e-m/fpu/crti.o
 .data          0x00000000        0x4 c:/ac6/systemworkbench/plugins/fr.ac6.mcu.externaltools.arm-none.win32_1.7.0.201602121829/tools/compiler/bin/../lib/gcc/arm-none-eabi/5.2.1/armv7e-m/fpu/crtbegin.o
 .text          0x00000000       0x74 c:/ac6/systemworkbench/plugins/fr.ac6.mcu.externaltools.arm-none.win32_1.7.0.201602121829/tools/compiler/bin/../lib/gcc/arm-none-eabi/5.2.1/../../../../arm-none-eabi/lib/armv7e-m/fpu/crt0.o
 .data          0x00000000        0x0 c:/ac6/systemworkbench/plugins/fr.ac6.mcu.externaltools.arm-none.win32_1.7.0.201602121829/tools/compiler/bin/../lib/gcc/arm-none-eabi/5.2.1/../../../../arm-none-eabi/lib/armv7e-m/fpu/crt0.o
 .bss           0x00000000        0x0 c:/ac6/systemworkbench/plugins/fr.ac6.mcu.externaltools.arm-none.win32_1.7.0.201602121829/tools/compiler/bin/../lib/gcc/arm-none-eabi/5.2.1/../../../../arm-none-eabi/lib/armv7e-m/fpu/crt0.o
 .ARM.extab     0x00000000        0x0 c:/ac6/systemworkbench/plugins/fr.ac6.mcu.externaltools.arm-none.win32_1.7.0.201602121829/tools/compiler/bin/../lib/gcc/arm-none-eabi/5.2.1/../../../../arm-none-eabi/lib/armv7e-m/fpu/crt0.o
 .ARM.exidx     0x00000000        0x8 c:/ac6/systemworkbench/plugins/fr.ac6.mcu.externaltools.arm-none.win32_1.7.0.201602121829/tools/compiler/bin/../lib/gcc/arm-none-eabi/5.2.1/../../../../arm-none-eabi/lib/armv7e-m/fpu/crt0.o
 .ARM.attributes
[...]
Memory Configuration

Name             Origin             Length             Attributes
FLASH            0x08000000         0x00080000         xr
RAM              0x20000000         0x00020000         xrw
*default*        0x00000000         0xffffffff

Linker script and memory map

LOAD c:/ac6/systemworkbench/plugins/fr.ac6.mcu.externaltools.arm-none.win32_1.7.0.201602121829/tools/compiler/bin/../lib/gcc/arm-none-eabi/5.2.1/armv7e-m/fpu/crti.o
LOAD c:/ac6/systemworkbench/plugins/fr.ac6.mcu.externaltools.arm-none.win32_1.7.0.201602121829/tools/compiler/bin/../lib/gcc/arm-none-eabi/5.2.1/armv7e-m/fpu/crtbegin.o
LOAD c:/ac6/systemworkbench/plugins/fr.ac6.mcu.externaltools.arm-none.win32_1.7.0.201602121829/tools/compiler/bin/../lib/gcc/arm-none-eabi/5.2.1/../../../../arm-none-eabi/lib/armv7e-m/fpu/crt0.o
LOAD c:/ac6/systemworkbench/plugins/fr.ac6.mcu.externaltools.arm-none.win32_1.7.0.201602121829/tools/compiler/bin/../lib/gcc/arm-none-eabi/5.2.1/../../../../arm-none-eabi/lib/armv7e-m/fpu\libm.a
LOAD Drivers/STM32F4xx_HAL_Driver/stm32f4xx_hal.o
LOAD Drivers/STM32F4xx_HAL_Driver/stm32f4xx_hal_cortex.o
LOAD Drivers/STM32F4xx_HAL_Driver/stm32f4xx_hal_dma.o
LOAD Drivers/STM32F4xx_HAL_Driver/stm32f4xx_hal_dma_ex.o
LOAD Drivers/STM32F4xx_HAL_Driver/stm32f4xx_hal_flash.o
LOAD Drivers/STM32F4xx_HAL_Driver/stm32f4xx_hal_flash_ex.o
LOAD Drivers/STM32F4xx_HAL_Driver/stm32f4xx_hal_flash_ramfunc.o
LOAD Drivers/STM32F4xx_HAL_Driver/stm32f4xx_hal_gpio.o
LOAD Drivers/STM32F4xx_HAL_Driver/stm32f4xx_hal_i2s.o
LOAD Drivers/STM32F4xx_HAL_Driver/stm32f4xx_hal_i2s_ex.o
LOAD Drivers/STM32F4xx_HAL_Driver/stm32f4xx_hal_pwr.o
LOAD Drivers/STM32F4xx_HAL_Driver/stm32f4xx_hal_pwr_ex.o
LOAD Drivers/STM32F4xx_HAL_Driver/stm32f4xx_hal_rcc.o
LOAD Drivers/STM32F4xx_HAL_Driver/stm32f4xx_hal_rcc_ex.o
LOAD Drivers/STM32F4xx_HAL_Driver/stm32f4xx_hal_rtc.o
LOAD Drivers/STM32F4xx_HAL_Driver/stm32f4xx_hal_rtc_ex.o
LOAD Drivers/STM32F4xx_HAL_Driver/stm32f4xx_hal_tim.o
LOAD Drivers/STM32F4xx_HAL_Driver/stm32f4xx_hal_tim_ex.o
LOAD Drivers/STM32F4xx_HAL_Driver/stm32f4xx_hal_uart.o
LOAD Drivers/CMSIS/system_stm32f4xx.o
LOAD Application/User/main.o
LOAD Application/User/stm32f4xx_hal_msp.o
LOAD Application/User/stm32f4xx_it.o
LOAD Application/SW4STM32/startup_stm32f446xx.o
START GROUP
LOAD c:/ac6/systemworkbench/plugins/fr.ac6.mcu.externaltools.arm-none.win32_1.7.0.201602121829/tools/compiler/bin/../lib/gcc/arm-none-eabi/5.2.1/armv7e-m/fpu\libgcc.a
LOAD c:/ac6/systemworkbench/plugins/fr.ac6.mcu.externaltools.arm-none.win32_1.7.0.201602121829/tools/compiler/bin/../lib/gcc/arm-none-eabi/5.2.1/../../../../arm-none-eabi/lib/armv7e-m/fpu\libc_nano.a
END GROUP
START GROUP
LOAD c:/ac6/systemworkbench/plugins/fr.ac6.mcu.externaltools.arm-none.win32_1.7.0.201602121829/tools/compiler/bin/../lib/gcc/arm-none-eabi/5.2.1/armv7e-m/fpu\libgcc.a
LOAD c:/ac6/systemworkbench/plugins/fr.ac6.mcu.externaltools.arm-none.win32_1.7.0.201602121829/tools/compiler/bin/../lib/gcc/arm-none-eabi/5.2.1/../../../../arm-none-eabi/lib/armv7e-m/fpu\libc_nano.a
LOAD c:/ac6/systemworkbench/plugins/fr.ac6.mcu.externaltools.arm-none.win32_1.7.0.201602121829/tools/compiler/bin/../lib/gcc/arm-none-eabi/5.2.1/../../../../arm-none-eabi/lib/armv7e-m/fpu\libnosys.a
END GROUP
START GROUP
LOAD c:/ac6/systemworkbench/plugins/fr.ac6.mcu.externaltools.arm-none.win32_1.7.0.201602121829/tools/compiler/bin/../lib/gcc/arm-none-eabi/5.2.1/armv7e-m/fpu\libgcc.a
LOAD c:/ac6/systemworkbench/plugins/fr.ac6.mcu.externaltools.arm-none.win32_1.7.0.201602121829/tools/compiler/bin/../lib/gcc/arm-none-eabi/5.2.1/../../../../arm-none-eabi/lib/armv7e-m/fpu\libc_nano.a
LOAD c:/ac6/systemworkbench/plugins/fr.ac6.mcu.externaltools.arm-none.win32_1.7.0.201602121829/tools/compiler/bin/../lib/gcc/arm-none-eabi/5.2.1/../../../../arm-none-eabi/lib/armv7e-m/fpu\libnosys.a
END GROUP
LOAD c:/ac6/systemworkbench/plugins/fr.ac6.mcu.externaltools.arm-none.win32_1.7.0.201602121829/tools/compiler/bin/../lib/gcc/arm-none-eabi/5.2.1/armv7e-m/fpu/crtend.o
LOAD c:/ac6/systemworkbench/plugins/fr.ac6.mcu.externaltools.arm-none.win32_1.7.0.201602121829/tools/compiler/bin/../lib/gcc/arm-none-eabi/5.2.1/armv7e-m/fpu/crtn.o
                0x20020000                _estack = 0x20020000
                0x00000400                _Min_Heap_Size = 0x400
                0x00000200                _Min_Stack_Size = 0x200

.isr_vector     0x08000000      0x1c4
                0x08000000                . = ALIGN (0x4)
 *(.isr_vector)
 .isr_vector    0x08000000      0x1c4 Application/SW4STM32/startup_stm32f446xx.o
                0x08000000                g_pfnVectors
                0x080001c4                . = ALIGN (0x4)

.text           0x080001c4     0x1ddc
                0x080001c4                . = ALIGN (0x4)
 *(.text)
 .text          0x080001c4       0xa4 c:/ac6/systemworkbench/plugins/fr.ac6.mcu.externaltools.arm-none.win32_1.7.0.201602121829/tools/compiler/bin/../lib/gcc/arm-none-eabi/5.2.1/armv7e-m/fpu/crtbegin.o
 *(.text*)
 .text.HAL_InitTick
                0x08000268       0x24 Drivers/STM32F4xx_HAL_Driver/stm32f4xx_hal.o
                0x08000268                HAL_InitTick
 .text.HAL_Init
                0x0800028c       0x34 Drivers/STM32F4xx_HAL_Driver/stm32f4xx_hal.o
                0x0800028c                HAL_Init
 .text.HAL_IncTick
                0x080002c0       0x10 Drivers/STM32F4xx_HAL_Driver/stm32f4xx_hal.o
                0x080002c0                HAL_IncTick
 .text.HAL_GetTick
                0x080002d0        0xc Drivers/STM32F4xx_HAL_Driver/stm32f4xx_hal.o
                0x080002d0                HAL_GetTick
 .text.HAL_NVIC_SetPriorityGrouping
                0x080002dc       0x24 Drivers/STM32F4xx_HAL_Driver/stm32f4xx_hal_cortex.o
                0x080002dc                HAL_NVIC_SetPriorityGrouping
 .text.HAL_NVIC_SetPriority
                0x08000300       0x68 Drivers/STM32F4xx_HAL_Driver/stm32f4xx_hal_cortex.o
                0x08000300                HAL_NVIC_SetPriority
 .text.HAL_NVIC_EnableIRQ
                0x08000368       0x18 Drivers/STM32F4xx_HAL_Driver/stm32f4xx_hal_cortex.o
                0x08000368                HAL_NVIC_EnableIRQ
 .text.HAL_SYSTICK_Config
                0x08000380       0x2c Drivers/STM32F4xx_HAL_Driver/stm32f4xx_hal_cortex.o
                0x08000380                HAL_SYSTICK_Config
 .text.HAL_SYSTICK_CLKSourceConfig
                0x080003ac       0x18 Drivers/STM32F4xx_HAL_Driver/stm32f4xx_hal_cortex.o
                0x080003ac                HAL_SYSTICK_CLKSourceConfig
 .text.HAL_SYSTICK_Callback
                0x080003c4        0x2 Drivers/STM32F4xx_HAL_Driver/stm32f4xx_hal_cortex.o
                0x080003c4                HAL_SYSTICK_Callback
 .text.HAL_SYSTICK_IRQHandler
                0x080003c6        0x8 Drivers/STM32F4xx_HAL_Driver/stm32f4xx_hal_cortex.o
                0x080003c6                HAL_SYSTICK_IRQHandler
 *fill*         0x080003ce        0x2 
 .text.DMA_CalcBaseAndBitshift
                0x080003d0       0x2c Drivers/STM32F4xx_HAL_Driver/stm32f4xx_hal_dma.o
 .text.HAL_DMA_Init
                0x080003fc       0x74 Drivers/STM32F4xx_HAL_Driver/stm32f4xx_hal_dma.o
                0x080003fc                HAL_DMA_Init
 .text.HAL_DMA_Start_IT
                0x08000470       0x5a Drivers/STM32F4xx_HAL_Driver/stm32f4xx_hal_dma.o
                0x08000470                HAL_DMA_Start_IT
 *fill*         0x080004ca        0x2 
 .text.HAL_DMA_IRQHandler
                0x080004cc      0x164 Drivers/STM32F4xx_HAL_Driver/stm32f4xx_hal_dma.o
                0x080004cc                HAL_DMA_IRQHandler
 .text.HAL_GPIO_Init
                0x08000630      0x1b4 Drivers/STM32F4xx_HAL_Driver/stm32f4xx_hal_gpio.o
                0x08000630                HAL_GPIO_Init
 .text.HAL_GPIO_WritePin
                0x080007e4        0x8 Drivers/STM32F4xx_HAL_Driver/stm32f4xx_hal_gpio.o
                0x080007e4                HAL_GPIO_WritePin
 .text.HAL_GPIO_TogglePin
                0x080007ec        0x8 Drivers/STM32F4xx_HAL_Driver/stm32f4xx_hal_gpio.o
                0x080007ec                HAL_GPIO_TogglePin
 .text.HAL_I2S_Init
                0x080007f4       0xbe Drivers/STM32F4xx_HAL_Driver/stm32f4xx_hal_i2s.o
                0x080007f4                HAL_I2S_Init
 *fill*         0x080008b2        0x2 
 .text.HAL_I2S_Receive_DMA
                0x080008b4       0xbc Drivers/STM32F4xx_HAL_Driver/stm32f4xx_hal_i2s.o
                0x080008b4                HAL_I2S_Receive_DMA
 .text.HAL_I2S_RxHalfCpltCallback
                0x08000970        0x2 Drivers/STM32F4xx_HAL_Driver/stm32f4xx_hal_i2s.o
                0x08000970                HAL_I2S_RxHalfCpltCallback
 .text.I2S_DMARxHalfCplt
                0x08000972        0xa Drivers/STM32F4xx_HAL_Driver/stm32f4xx_hal_i2s.o
                0x08000972                I2S_DMARxHalfCplt
 .text.I2S_DMAError
                0x0800097c       0x1e Drivers/STM32F4xx_HAL_Driver/stm32f4xx_hal_i2s.o
                0x0800097c                I2S_DMAError
 .text.I2S_DMARxCplt
                0x0800099a       0x38 Drivers/STM32F4xx_HAL_Driver/stm32f4xx_hal_i2s_ex.o
                0x0800099a                I2S_DMARxCplt
 *fill*         0x080009d2        0x2 
 .text.I2S_GetInputClock
                0x080009d4       0x88 Drivers/STM32F4xx_HAL_Driver/stm32f4xx_hal_i2s_ex.o
                0x080009d4                I2S_GetInputClock
 .text.HAL_RCC_ClockConfig
                0x08000a5c      0x140 Drivers/STM32F4xx_HAL_Driver/stm32f4xx_hal_rcc.o
                0x08000a5c                HAL_RCC_ClockConfig
 .text.HAL_RCC_GetHCLKFreq
                0x08000b9c       0x34 Drivers/STM32F4xx_HAL_Driver/stm32f4xx_hal_rcc.o
                0x08000b9c                HAL_RCC_GetHCLKFreq
 .text.HAL_RCC_GetPCLK1Freq
                0x08000bd0       0x2c Drivers/STM32F4xx_HAL_Driver/stm32f4xx_hal_rcc.o
                0x08000bd0                HAL_RCC_GetPCLK1Freq
 .text.HAL_RCC_GetPCLK2Freq
                0x08000bfc       0x2c Drivers/STM32F4xx_HAL_Driver/stm32f4xx_hal_rcc.o
                0x08000bfc                HAL_RCC_GetPCLK2Freq
 .text.HAL_RCCEx_PeriphCLKConfig
                0x08000c28      0x5bc Drivers/STM32F4xx_HAL_Driver/stm32f4xx_hal_rcc_ex.o
                0x08000c28                HAL_RCCEx_PeriphCLKConfig
 .text.HAL_RCC_OscConfig
                0x080011e4      0x348 Drivers/STM32F4xx_HAL_Driver/stm32f4xx_hal_rcc_ex.o
                0x080011e4                HAL_RCC_OscConfig
 .text.HAL_RCC_GetSysClockFreq
                0x0800152c       0xd0 Drivers/STM32F4xx_HAL_Driver/stm32f4xx_hal_rcc_ex.o
                0x0800152c                HAL_RCC_GetSysClockFreq
 .text.UART_SetConfig
                0x080015fc      0x23c Drivers/STM32F4xx_HAL_Driver/stm32f4xx_hal_uart.o
 .text.UART_WaitOnFlagUntilTimeout.constprop.1
                0x08001838       0x64 Drivers/STM32F4xx_HAL_Driver/stm32f4xx_hal_uart.o
 .text.HAL_UART_Init
                0x0800189c       0x5c Drivers/STM32F4xx_HAL_Driver/stm32f4xx_hal_uart.o
                0x0800189c                HAL_UART_Init
 .text.HAL_UART_Transmit
                0x080018f8       0x9c Drivers/STM32F4xx_HAL_Driver/stm32f4xx_hal_uart.o
                0x080018f8                HAL_UART_Transmit
 .text.HAL_UART_Receive
                0x08001994       0xa0 Drivers/STM32F4xx_HAL_Driver/stm32f4xx_hal_uart.o
                0x08001994                HAL_UART_Receive
 .text.SystemInit
                0x08001a34       0x4c Drivers/CMSIS/system_stm32f4xx.o
                0x08001a34                SystemInit
 .text.MX_I2S2_Init
                0x08001a80       0x30 Application/User/main.o
 .text.SystemClock_Config
                0x08001ab0       0xc4 Application/User/main.o
                0x08001ab0                SystemClock_Config
 .text.ProcessAudio
                0x08001b74       0x54 Application/User/main.o
                0x08001b74                ProcessAudio
 .text.startup.main
                0x08001bc8      0x190 Application/User/main.o
                0x08001bc8                main
 .text.HAL_I2S_RxCpltCallback
                0x08001d58       0x5c Application/User/main.o
                0x08001d58                HAL_I2S_RxCpltCallback
 .text.HAL_I2S_ErrorCallback
                0x08001db4       0x12 Application/User/main.o
                0x08001db4                HAL_I2S_ErrorCallback
 .text.HAL_MspInit
                0x08001dc6       0x18 Application/User/stm32f4xx_hal_msp.o
                0x08001dc6                HAL_MspInit
 *fill*         0x08001dde        0x2 
 .text.HAL_I2S_MspInit
                0x08001de0       0x9c Application/User/stm32f4xx_hal_msp.o
                0x08001de0                HAL_I2S_MspInit
 .text.HAL_UART_MspInit
                0x08001e7c       0x50 Application/User/stm32f4xx_hal_msp.o
                0x08001e7c                HAL_UART_MspInit
 .text.SysTick_Handler
                0x08001ecc        0xe Application/User/stm32f4xx_it.o
                0x08001ecc                SysTick_Handler
 *fill*         0x08001eda        0x2 
 .text.DMA1_Stream3_IRQHandler
                0x08001edc        0xc Application/User/stm32f4xx_it.o
                0x08001edc                DMA1_Stream3_IRQHandler
 .text.Reset_Handler
                0x08001ee8       0x50 Application/SW4STM32/startup_stm32f446xx.o
                0x08001ee8                Reset_Handler
 .text.Default_Handler
                0x08001f38        0x2 Application/SW4STM32/startup_stm32f446xx.o
                0x08001f38                RTC_Alarm_IRQHandler
                0x08001f38                EXTI2_IRQHandler
                0x08001f38                TIM8_CC_IRQHandler
                0x08001f38                DebugMon_Handler
                0x08001f38                SPI4_IRQHandler
                0x08001f38                TIM1_CC_IRQHandler
                0x08001f38                DMA2_Stream5_IRQHandler
                0x08001f38                HardFault_Handler
                0x08001f38                DMA1_Stream5_IRQHandler
                0x08001f38                PVD_IRQHandler
                0x08001f38                SDIO_IRQHandler
                0x08001f38                TAMP_STAMP_IRQHandler
                0x08001f38                PendSV_Handler
                0x08001f38                NMI_Handler
                0x08001f38                CAN2_RX1_IRQHandler
                0x08001f38                EXTI3_IRQHandler
                0x08001f38                TIM8_TRG_COM_TIM14_IRQHandler
                0x08001f38                TIM1_UP_TIM10_IRQHandler
                0x08001f38                TIM8_UP_TIM13_IRQHandler
                0x08001f38                I2C3_ER_IRQHandler
                0x08001f38                FMPI2C1_Event_IRQHandler
                0x08001f38                EXTI0_IRQHandler
                0x08001f38                I2C2_EV_IRQHandler
                0x08001f38                DMA1_Stream2_IRQHandler
                0x08001f38                CAN1_RX0_IRQHandler
                0x08001f38                FPU_IRQHandler
                0x08001f38                OTG_HS_WKUP_IRQHandler
                0x08001f38                UsageFault_Handler
                0x08001f38                CAN2_SCE_IRQHandler
                0x08001f38                DMA2_Stream2_IRQHandler
                0x08001f38                SPI1_IRQHandler
                0x08001f38                TIM6_DAC_IRQHandler
                0x08001f38                TIM1_BRK_TIM9_IRQHandler
                0x08001f38                DCMI_IRQHandler
                0x08001f38                CAN2_RX0_IRQHandler
                0x08001f38                DMA2_Stream3_IRQHandler
                0x08001f38                SAI2_IRQHandler
                0x08001f38                USART6_IRQHandler
                0x08001f38                USART3_IRQHandler
                0x08001f38                CAN1_RX1_IRQHandler
                0x08001f38                UART5_IRQHandler
                0x08001f38                DMA2_Stream0_IRQHandler
                0x08001f38                TIM4_IRQHandler
                0x08001f38                QUADSPI_IRQHandler
                0x08001f38                I2C1_EV_IRQHandler
                0x08001f38                DMA1_Stream6_IRQHandler
                0x08001f38                DMA1_Stream1_IRQHandler
                0x08001f38                UART4_IRQHandler
                0x08001f38                TIM3_IRQHandler
                0x08001f38                RCC_IRQHandler
                0x08001f38                TIM8_BRK_TIM12_IRQHandler
                0x08001f38                Default_Handler
                0x08001f38                CEC_IRQHandler
                0x08001f38                EXTI15_10_IRQHandler
                0x08001f38                ADC_IRQHandler
                0x08001f38                DMA1_Stream7_IRQHandler
                0x08001f38                TIM7_IRQHandler
                0x08001f38                CAN2_TX_IRQHandler
                0x08001f38                TIM5_IRQHandler
                0x08001f38                DMA2_Stream7_IRQHandler
                0x08001f38                I2C3_EV_IRQHandler
                0x08001f38                EXTI9_5_IRQHandler
                0x08001f38                RTC_WKUP_IRQHandler
                0x08001f38                SPDIF_RX_IRQHandler
                0x08001f38                SPI2_IRQHandler
                0x08001f38                OTG_HS_EP1_IN_IRQHandler
                0x08001f38                MemManage_Handler
                0x08001f38                DMA1_Stream0_IRQHandler
                0x08001f38                CAN1_TX_IRQHandler
                0x08001f38                SVC_Handler
                0x08001f38                EXTI4_IRQHandler
                0x08001f38                OTG_HS_EP1_OUT_IRQHandler
                0x08001f38                WWDG_IRQHandler
                0x08001f38                TIM2_IRQHandler
                0x08001f38                OTG_FS_WKUP_IRQHandler
                0x08001f38                TIM1_TRG_COM_TIM11_IRQHandler
                0x08001f38                OTG_HS_IRQHandler
                0x08001f38                EXTI1_IRQHandler
                0x08001f38                USART2_IRQHandler
                0x08001f38                I2C2_ER_IRQHandler
                0x08001f38                DMA2_Stream1_IRQHandler
                0x08001f38                CAN1_SCE_IRQHandler
                0x08001f38                FLASH_IRQHandler
                0x08001f38                DMA2_Stream4_IRQHandler
                0x08001f38                BusFault_Handler
                0x08001f38                USART1_IRQHandler
                0x08001f38                OTG_FS_IRQHandler
                0x08001f38                SPI3_IRQHandler
                0x08001f38                DMA1_Stream4_IRQHandler
                0x08001f38                I2C1_ER_IRQHandler
                0x08001f38                FMC_IRQHandler
                0x08001f38                DMA2_Stream6_IRQHandler
                0x08001f38                SAI1_IRQHandler
                0x08001f38                FMPI2C1_Error_IRQHandler
 *fill*         0x08001f3a        0x2 
 .text.__libc_init_array
                0x08001f3c       0x4c c:/ac6/systemworkbench/plugins/fr.ac6.mcu.externaltools.arm-none.win32_1.7.0.201602121829/tools/compiler/bin/../lib/gcc/arm-none-eabi/5.2.1/../../../../arm-none-eabi/lib/armv7e-m/fpu\libc_nano.a(lib_a-init.o)
                0x08001f3c                __libc_init_array
 *(.glue_7)
 .glue_7        0x08001f88        0x0 linker stubs
 *(.glue_7t)
 .glue_7t       0x08001f88        0x0 linker stubs
 *(.eh_frame)
 .eh_frame      0x08001f88        0x0 c:/ac6/systemworkbench/plugins/fr.ac6.mcu.externaltools.arm-none.win32_1.7.0.201602121829/tools/compiler/bin/../lib/gcc/arm-none-eabi/5.2.1/armv7e-m/fpu/crtbegin.o
 *(.init)
 .init          0x08001f88        0x4 c:/ac6/systemworkbench/plugins/fr.ac6.mcu.externaltools.arm-none.win32_1.7.0.201602121829/tools/compiler/bin/../lib/gcc/arm-none-eabi/5.2.1/armv7e-m/fpu/crti.o
                0x08001f88                _init
 .init          0x08001f8c        0x8 c:/ac6/systemworkbench/plugins/fr.ac6.mcu.externaltools.arm-none.win32_1.7.0.201602121829/tools/compiler/bin/../lib/gcc/arm-none-eabi/5.2.1/armv7e-m/fpu/crtn.o
 *(.fini)
 .fini          0x08001f94        0x4 c:/ac6/systemworkbench/plugins/fr.ac6.mcu.externaltools.arm-none.win32_1.7.0.201602121829/tools/compiler/bin/../lib/gcc/arm-none-eabi/5.2.1/armv7e-m/fpu/crti.o
                0x08001f94                _fini
 .fini          0x08001f98        0x8 c:/ac6/systemworkbench/plugins/fr.ac6.mcu.externaltools.arm-none.win32_1.7.0.201602121829/tools/compiler/bin/../lib/gcc/arm-none-eabi/5.2.1/armv7e-m/fpu/crtn.o
                0x08001fa0                . = ALIGN (0x4)
                0x08001fa0                _etext = .

.vfp11_veneer   0x08001fa0        0x0
 .vfp11_veneer  0x08001fa0        0x0 linker stubs

.v4_bx          0x08001fa0        0x0
 .v4_bx         0x08001fa0        0x0 linker stubs

.iplt           0x08001fa0        0x0
 .iplt          0x08001fa0        0x0 c:/ac6/systemworkbench/plugins/fr.ac6.mcu.externaltools.arm-none.win32_1.7.0.201602121829/tools/compiler/bin/../lib/gcc/arm-none-eabi/5.2.1/armv7e-m/fpu/crtbegin.o

.rodata         0x08001fa0       0x34
                0x08001fa0                . = ALIGN (0x4)
 *(.rodata)
 .rodata        0x08001fa0        0x8 Drivers/STM32F4xx_HAL_Driver/stm32f4xx_hal_dma.o
 .rodata        0x08001fa8       0x10 Drivers/STM32F4xx_HAL_Driver/stm32f4xx_hal_rcc.o
                0x08001fa8                APBAHBPrescTable
 *(.rodata*)
 .rodata.str1.1
                0x08001fb8       0x19 Application/User/main.o
                0x08001fd4                . = ALIGN (0x4)
 *fill*         0x08001fd1        0x3 

.rel.dyn        0x08001fd4        0x0
 .rel.iplt      0x08001fd4        0x0 c:/ac6/systemworkbench/plugins/fr.ac6.mcu.externaltools.arm-none.win32_1.7.0.201602121829/tools/compiler/bin/../lib/gcc/arm-none-eabi/5.2.1/armv7e-m/fpu/crtbegin.o

.ARM.extab
 *(.ARM.extab* .gnu.linkonce.armextab.*)

.ARM            0x08001fd4        0x0
                0x08001fd4                __exidx_start = .
 *(.ARM.exidx*)
                0x08001fd4                __exidx_end = .

.preinit_array  0x08001fd4        0x0
                0x08001fd4                PROVIDE (__preinit_array_start, .)
 *(.preinit_array*)
                0x08001fd4                PROVIDE (__preinit_array_end, .)

.init_array     0x08001fd4        0x4
                0x08001fd4                PROVIDE (__init_array_start, .)
 *(SORT(.init_array.*))
 *(.init_array*)
 .init_array    0x08001fd4        0x4 c:/ac6/systemworkbench/plugins/fr.ac6.mcu.externaltools.arm-none.win32_1.7.0.201602121829/tools/compiler/bin/../lib/gcc/arm-none-eabi/5.2.1/armv7e-m/fpu/crtbegin.o
                0x08001fd8                PROVIDE (__init_array_end, .)

.fini_array     0x08001fd8        0x4
                [!provide]                PROVIDE (__fini_array_start, .)
 *(SORT(.fini_array.*))
 *(.fini_array*)
 .fini_array    0x08001fd8        0x4 c:/ac6/systemworkbench/plugins/fr.ac6.mcu.externaltools.arm-none.win32_1.7.0.201602121829/tools/compiler/bin/../lib/gcc/arm-none-eabi/5.2.1/armv7e-m/fpu/crtbegin.o
                [!provide]                PROVIDE (__fini_array_end, .)
                0x08001fdc                _sidata = LOADADDR (.data)

.data           0x20000000        0x8 load address 0x08001fdc
                0x20000000                . = ALIGN (0x4)
                0x20000000                _sdata = .
 *(.data)
 .data          0x20000000        0x4 Drivers/CMSIS/system_stm32f4xx.o
                0x20000000                SystemCoreClock
 .data          0x20000004        0x2 Application/User/main.o
                0x20000004                Size
 *(.data*)
                0x20000008                . = ALIGN (0x4)
 *fill*         0x20000006        0x2 
                0x20000008                _edata = .

.jcr            0x20000008        0x0 load address 0x08001fe4
 .jcr           0x20000008        0x0 c:/ac6/systemworkbench/plugins/fr.ac6.mcu.externaltools.arm-none.win32_1.7.0.201602121829/tools/compiler/bin/../lib/gcc/arm-none-eabi/5.2.1/armv7e-m/fpu/crtbegin.o

.tm_clone_table
                0x20000008        0x0 load address 0x08001fe4
 .tm_clone_table
                0x20000008        0x0 c:/ac6/systemworkbench/plugins/fr.ac6.mcu.externaltools.arm-none.win32_1.7.0.201602121829/tools/compiler/bin/../lib/gcc/arm-none-eabi/5.2.1/armv7e-m/fpu/crtbegin.o
 .tm_clone_table
                0x20000008        0x0 c:/ac6/systemworkbench/plugins/fr.ac6.mcu.externaltools.arm-none.win32_1.7.0.201602121829/tools/compiler/bin/../lib/gcc/arm-none-eabi/5.2.1/armv7e-m/fpu/crtend.o

.igot.plt       0x20000008        0x0 load address 0x08001fe4
 .igot.plt      0x20000008        0x0 c:/ac6/systemworkbench/plugins/fr.ac6.mcu.externaltools.arm-none.win32_1.7.0.201602121829/tools/compiler/bin/../lib/gcc/arm-none-eabi/5.2.1/armv7e-m/fpu/crtbegin.o
                0x20000008                . = ALIGN (0x4)

.bss            0x20000008     0x1498 load address 0x08001fe4
                0x20000008                _sbss = .
                0x20000008                __bss_start__ = _sbss
 *(.bss)
 .bss           0x20000008       0x1c c:/ac6/systemworkbench/plugins/fr.ac6.mcu.externaltools.arm-none.win32_1.7.0.201602121829/tools/compiler/bin/../lib/gcc/arm-none-eabi/5.2.1/armv7e-m/fpu/crtbegin.o
 .bss           0x20000024     0x138a Application/User/main.o
                0x20000024                Audio
                0x2000040c                Ready
                0x2000040e                Data1
                0x20000bde                Data2
 *(.bss*)
 *(COMMON)
 *fill*         0x200013ae        0x2 
 COMMON         0x200013b0        0x4 Drivers/STM32F4xx_HAL_Driver/stm32f4xx_hal.o
                0x200013b0                uwTick
 COMMON         0x200013b4       0xec Application/User/main.o
                0x200013b4                hdma_spi2_rx
                0x2000140c                which
                0x20001410                produce_ptr
                0x20001414                state
                0x20001418                huart2
                0x20001458                hi2s2
                0x2000149c                consume_ptr
                0x200014a0                . = ALIGN (0x4)
                0x200014a0                _ebss = .
                0x200014a0                __bss_end__ = _ebss

._user_heap_stack
                0x200014a0      0x600 load address 0x08001fe4
                0x200014a0                . = ALIGN (0x8)
                [!provide]                PROVIDE (end, .)
                [!provide]                PROVIDE (_end, .)
                0x200018a0                . = (. + _Min_Heap_Size)
 *fill*         0x200014a0      0x400 
                0x20001aa0                . = (. + _Min_Stack_Size)
 *fill*         0x200018a0      0x200 
                0x20001aa0                . = ALIGN (0x8)

/DISCARD/
 libc.a(*)
 libm.a(*)
 libgcc.a(*)

.ARM.attributes
                0x00000000       0x30
 *(.ARM.attributes)
 .ARM.attributes
                0x00000000       0x22 c:/ac6/systemworkbench/plugins/fr.ac6.mcu.externaltools.arm-none.win32_1.7.0.201602121829/tools/compiler/bin/../lib/gcc/arm-none-eabi/5.2.1/armv7e-m/fpu/crti.o
 .ARM.attributes
                0x00000022       0x34 c:/ac6/systemworkbench/plugins/fr.ac6.mcu.externaltools.arm-none.win32_1.7.0.201602121829/tools/compiler/bin/../lib/gcc/arm-none-eabi/5.2.1/armv7e-m/fpu/crtbegin.o
 .ARM.attributes
                0x00000056       0x39 Drivers/STM32F4xx_HAL_Driver/stm32f4xx_hal.o
 .ARM.attributes
                0x0000008f       0x39 Drivers/STM32F4xx_HAL_Driver/stm32f4xx_hal_cortex.o
 .ARM.attributes
                0x000000c8       0x39 Drivers/STM32F4xx_HAL_Driver/stm32f4xx_hal_dma.o
 .ARM.attributes
                0x00000101       0x39 Drivers/STM32F4xx_HAL_Driver/stm32f4xx_hal_gpio.o
 .ARM.attributes
                0x0000013a       0x39 Drivers/STM32F4xx_HAL_Driver/stm32f4xx_hal_i2s.o
 .ARM.attributes
                0x00000173       0x39 Drivers/STM32F4xx_HAL_Driver/stm32f4xx_hal_i2s_ex.o
 .ARM.attributes
                0x000001ac       0x39 Drivers/STM32F4xx_HAL_Driver/stm32f4xx_hal_rcc.o
 .ARM.attributes
                0x000001e5       0x39 Drivers/STM32F4xx_HAL_Driver/stm32f4xx_hal_rcc_ex.o
 .ARM.attributes
                0x0000021e       0x39 Drivers/STM32F4xx_HAL_Driver/stm32f4xx_hal_uart.o
 .ARM.attributes
                0x00000257       0x39 Drivers/CMSIS/system_stm32f4xx.o
 .ARM.attributes
                0x00000290       0x39 Application/User/main.o
 .ARM.attributes
                0x000002c9       0x39 Application/User/stm32f4xx_hal_msp.o
 .ARM.attributes
                0x00000302       0x39 Application/User/stm32f4xx_it.o
 .ARM.attributes
                0x0000033b       0x21 Application/SW4STM32/startup_stm32f446xx.o
 .ARM.attributes
                0x0000035c       0x34 c:/ac6/systemworkbench/plugins/fr.ac6.mcu.externaltools.arm-none.win32_1.7.0.201602121829/tools/compiler/bin/../lib/gcc/arm-none-eabi/5.2.1/../../../../arm-none-eabi/lib/armv7e-m/fpu\libc_nano.a(lib_a-init.o)
 .ARM.attributes
                0x00000390       0x34 c:/ac6/systemworkbench/plugins/fr.ac6.mcu.externaltools.arm-none.win32_1.7.0.201602121829/tools/compiler/bin/../lib/gcc/arm-none-eabi/5.2.1/armv7e-m/fpu/crtend.o
 .ARM.attributes
                0x000003c4       0x22 c:/ac6/systemworkbench/plugins/fr.ac6.mcu.externaltools.arm-none.win32_1.7.0.201602121829/tools/compiler/bin/../lib/gcc/arm-none-eabi/5.2.1/armv7e-m/fpu/crtn.o
OUTPUT(M4-446RE-Serial-ICS43432.elf elf32-littlearm)

.debug_info     0x00000000     0x9c33
 .debug_info    0x00000000      0x93c Drivers/STM32F4xx_HAL_Driver/stm32f4xx_hal.o
 .debug_info    0x0000093c      0xe88 Drivers/STM32F4xx_HAL_Driver/stm32f4xx_hal_cortex.o
 .debug_info    0x000017c4      0x80c Drivers/STM32F4xx_HAL_Driver/stm32f4xx_hal_dma.o
 .debug_info    0x00001fd0      0x76f Drivers/STM32F4xx_HAL_Driver/stm32f4xx_hal_gpio.o
 .debug_info    0x0000273f      0xdb1 Drivers/STM32F4xx_HAL_Driver/stm32f4xx_hal_i2s.o
 .debug_info    0x000034f0      0x81c Drivers/STM32F4xx_HAL_Driver/stm32f4xx_hal_i2s_ex.o
 .debug_info    0x00003d0c      0xcdb Drivers/STM32F4xx_HAL_Driver/stm32f4xx_hal_rcc.o
 .debug_info    0x000049e7     0x1319 Drivers/STM32F4xx_HAL_Driver/stm32f4xx_hal_rcc_ex.o
 .debug_info    0x00005d00     0x10fc Drivers/STM32F4xx_HAL_Driver/stm32f4xx_hal_uart.o
 .debug_info    0x00006dfc      0x4e4 Drivers/CMSIS/system_stm32f4xx.o
 .debug_info    0x000072e0     0x163e Application/User/main.o
 .debug_info    0x0000891e      0xe84 Application/User/stm32f4xx_hal_msp.o
 .debug_info    0x000097a2      0x38d Application/User/stm32f4xx_it.o
 .debug_info    0x00009b2f      0x104 Application/SW4STM32/startup_stm32f446xx.o

.debug_abbrev   0x00000000     0x1d0f
 .debug_abbrev  0x00000000      0x236 Drivers/STM32F4xx_HAL_Driver/stm32f4xx_hal.o
 .debug_abbrev  0x00000236      0x332 Drivers/STM32F4xx_HAL_Driver/stm32f4xx_hal_cortex.o
 .debug_abbrev  0x00000568      0x273 Drivers/STM32F4xx_HAL_Driver/stm32f4xx_hal_dma.o
 .debug_abbrev  0x000007db      0x1cb Drivers/STM32F4xx_HAL_Driver/stm32f4xx_hal_gpio.o
 .debug_abbrev  0x000009a6      0x2a7 Drivers/STM32F4xx_HAL_Driver/stm32f4xx_hal_i2s.o
 .debug_abbrev  0x00000c4d      0x172 Drivers/STM32F4xx_HAL_Driver/stm32f4xx_hal_i2s_ex.o
 .debug_abbrev  0x00000dbf      0x2ff Drivers/STM32F4xx_HAL_Driver/stm32f4xx_hal_rcc.o
 .debug_abbrev  0x000010be      0x258 Drivers/STM32F4xx_HAL_Driver/stm32f4xx_hal_rcc_ex.o
 .debug_abbrev  0x00001316      0x2c1 Drivers/STM32F4xx_HAL_Driver/stm32f4xx_hal_uart.o
 .debug_abbrev  0x000015d7      0x104 Drivers/CMSIS/system_stm32f4xx.o
 .debug_abbrev  0x000016db      0x304 Application/User/main.o
 .debug_abbrev  0x000019df      0x1cb Application/User/stm32f4xx_hal_msp.o
 .debug_abbrev  0x00001baa      0x153 Application/User/stm32f4xx_it.o
 .debug_abbrev  0x00001cfd       0x12 Application/SW4STM32/startup_stm32f446xx.o

.debug_loc      0x00000000     0x3faf
 .debug_loc     0x00000000       0x84 Drivers/STM32F4xx_HAL_Driver/stm32f4xx_hal.o
 .debug_loc     0x00000084      0x4ab Drivers/STM32F4xx_HAL_Driver/stm32f4xx_hal_cortex.o
 .debug_loc     0x0000052f      0x4e2 Drivers/STM32F4xx_HAL_Driver/stm32f4xx_hal_dma.o
 .debug_loc     0x00000a11      0x374 Drivers/STM32F4xx_HAL_Driver/stm32f4xx_hal_gpio.o
 .debug_loc     0x00000d85      0xd8c Drivers/STM32F4xx_HAL_Driver/stm32f4xx_hal_i2s.o
 .debug_loc     0x00001b11      0x1bd Drivers/STM32F4xx_HAL_Driver/stm32f4xx_hal_i2s_ex.o
 .debug_loc     0x00001cce      0x4e3 Drivers/STM32F4xx_HAL_Driver/stm32f4xx_hal_rcc.o
 .debug_loc     0x000021b1      0xd0b Drivers/STM32F4xx_HAL_Driver/stm32f4xx_hal_rcc_ex.o
 .debug_loc     0x00002ebc      0xe48 Drivers/STM32F4xx_HAL_Driver/stm32f4xx_hal_uart.o
 .debug_loc     0x00003d04       0xd7 Drivers/CMSIS/system_stm32f4xx.o
 .debug_loc     0x00003ddb      0x124 Application/User/main.o
 .debug_loc     0x00003eff       0xb0 Application/User/stm32f4xx_hal_msp.o

.debug_aranges  0x00000000      0x5e0
 .debug_aranges
                0x00000000       0xb8 Drivers/STM32F4xx_HAL_Driver/stm32f4xx_hal.o
 .debug_aranges
                0x000000b8       0x98 Drivers/STM32F4xx_HAL_Driver/stm32f4xx_hal_cortex.o
 .debug_aranges
                0x00000150       0x68 Drivers/STM32F4xx_HAL_Driver/stm32f4xx_hal_dma.o
 .debug_aranges
                0x000001b8       0x58 Drivers/STM32F4xx_HAL_Driver/stm32f4xx_hal_gpio.o
 .debug_aranges
                0x00000210       0xc0 Drivers/STM32F4xx_HAL_Driver/stm32f4xx_hal_i2s.o
 .debug_aranges
                0x000002d0       0x30 Drivers/STM32F4xx_HAL_Driver/stm32f4xx_hal_i2s_ex.o
 .debug_aranges
                0x00000300       0x80 Drivers/STM32F4xx_HAL_Driver/stm32f4xx_hal_rcc.o
 .debug_aranges
                0x00000380       0x58 Drivers/STM32F4xx_HAL_Driver/stm32f4xx_hal_rcc_ex.o
 .debug_aranges
                0x000003d8      0x108 Drivers/STM32F4xx_HAL_Driver/stm32f4xx_hal_uart.o
 .debug_aranges
                0x000004e0       0x28 Drivers/CMSIS/system_stm32f4xx.o
 .debug_aranges
                0x00000508       0x48 Application/User/main.o
 .debug_aranges
                0x00000550       0x40 Application/User/stm32f4xx_hal_msp.o
 .debug_aranges
                0x00000590       0x28 Application/User/stm32f4xx_it.o
 .debug_aranges
                0x000005b8       0x28 Application/SW4STM32/startup_stm32f446xx.o

.debug_ranges   0x00000000      0xaa0
 .debug_ranges  0x00000000       0xa8 Drivers/STM32F4xx_HAL_Driver/stm32f4xx_hal.o
 .debug_ranges  0x000000a8      0x148 Drivers/STM32F4xx_HAL_Driver/stm32f4xx_hal_cortex.o
 .debug_ranges  0x000001f0       0x58 Drivers/STM32F4xx_HAL_Driver/stm32f4xx_hal_dma.o
 .debug_ranges  0x00000248       0x70 Drivers/STM32F4xx_HAL_Driver/stm32f4xx_hal_gpio.o
 .debug_ranges  0x000002b8       0xb0 Drivers/STM32F4xx_HAL_Driver/stm32f4xx_hal_i2s.o
 .debug_ranges  0x00000368       0x20 Drivers/STM32F4xx_HAL_Driver/stm32f4xx_hal_i2s_ex.o
 .debug_ranges  0x00000388      0x150 Drivers/STM32F4xx_HAL_Driver/stm32f4xx_hal_rcc.o
 .debug_ranges  0x000004d8      0x2d0 Drivers/STM32F4xx_HAL_Driver/stm32f4xx_hal_rcc_ex.o
 .debug_ranges  0x000007a8       0xf8 Drivers/STM32F4xx_HAL_Driver/stm32f4xx_hal_uart.o
 .debug_ranges  0x000008a0       0x18 Drivers/CMSIS/system_stm32f4xx.o
 .debug_ranges  0x000008b8      0x140 Application/User/main.o
 .debug_ranges  0x000009f8       0x70 Application/User/stm32f4xx_hal_msp.o
 .debug_ranges  0x00000a68       0x18 Application/User/stm32f4xx_it.o
 .debug_ranges  0x00000a80       0x20 Application/SW4STM32/startup_stm32f446xx.o

.debug_macro    0x00000000    0x144cb
 .debug_macro   0x00000000      0x32c Drivers/STM32F4xx_HAL_Driver/stm32f4xx_hal.o
 .debug_macro   0x0000032c      0x89e Drivers/STM32F4xx_HAL_Driver/stm32f4xx_hal.o
 .debug_macro   0x00000bca       0x58 Drivers/STM32F4xx_HAL_Driver/stm32f4xx_hal.o
 .debug_macro   0x00000c22      0x1b0 Drivers/STM32F4xx_HAL_Driver/stm32f4xx_hal.o
 .debug_macro   0x00000dd2       0x2e Drivers/STM32F4xx_HAL_Driver/stm32f4xx_hal.o
 .debug_macro   0x00000e00       0x28 Drivers/STM32F4xx_HAL_Driver/stm32f4xx_hal.o
 .debug_macro   0x00000e28       0x22 Drivers/STM32F4xx_HAL_Driver/stm32f4xx_hal.o
 .debug_macro   0x00000e4a       0x44 Drivers/STM32F4xx_HAL_Driver/stm32f4xx_hal.o
 .debug_macro   0x00000e8e       0xfd Drivers/STM32F4xx_HAL_Driver/stm32f4xx_hal.o
 .debug_macro   0x00000f8b       0x22 Drivers/STM32F4xx_HAL_Driver/stm32f4xx_hal.o
 .debug_macro   0x00000fad      0x1df Drivers/STM32F4xx_HAL_Driver/stm32f4xx_hal.o
 .debug_macro   0x0000118c       0x35 Drivers/STM32F4xx_HAL_Driver/stm32f4xx_hal.o
 .debug_macro   0x000011c1       0x50 Drivers/STM32F4xx_HAL_Driver/stm32f4xx_hal.o
 .debug_macro   0x00001211      0xe66 Drivers/STM32F4xx_HAL_Driver/stm32f4xx_hal.o
 .debug_macro   0x00002077     0x973a Drivers/STM32F4xx_HAL_Driver/stm32f4xx_hal.o
 .debug_macro   0x0000b7b1       0x43 Drivers/STM32F4xx_HAL_Driver/stm32f4xx_hal.o
 .debug_macro   0x0000b7f4     0x33a6 Drivers/STM32F4xx_HAL_Driver/stm32f4xx_hal.o
 .debug_macro   0x0000eb9a       0x58 Drivers/STM32F4xx_HAL_Driver/stm32f4xx_hal.o
 .debug_macro   0x0000ebf2       0x35 Drivers/STM32F4xx_HAL_Driver/stm32f4xx_hal.o
 .debug_macro   0x0000ec27       0x9c Drivers/STM32F4xx_HAL_Driver/stm32f4xx_hal.o
 .debug_macro   0x0000ecc3       0x16 Drivers/STM32F4xx_HAL_Driver/stm32f4xx_hal.o
 .debug_macro   0x0000ecd9       0x97 Drivers/STM32F4xx_HAL_Driver/stm32f4xx_hal.o
 .debug_macro   0x0000ed70      0x329 Drivers/STM32F4xx_HAL_Driver/stm32f4xx_hal.o
 .debug_macro   0x0000f099       0xfd Drivers/STM32F4xx_HAL_Driver/stm32f4xx_hal.o
 .debug_macro   0x0000f196       0x10 Drivers/STM32F4xx_HAL_Driver/stm32f4xx_hal.o
 .debug_macro   0x0000f1a6       0x52 Drivers/STM32F4xx_HAL_Driver/stm32f4xx_hal.o
 .debug_macro   0x0000f1f8       0x16 Drivers/STM32F4xx_HAL_Driver/stm32f4xx_hal.o
 .debug_macro   0x0000f20e       0x43 Drivers/STM32F4xx_HAL_Driver/stm32f4xx_hal.o
 .debug_macro   0x0000f251      0x187 Drivers/STM32F4xx_HAL_Driver/stm32f4xx_hal.o
 .debug_macro   0x0000f3d8       0x10 Drivers/STM32F4xx_HAL_Driver/stm32f4xx_hal.o
 .debug_macro   0x0000f3e8       0x22 Drivers/STM32F4xx_HAL_Driver/stm32f4xx_hal.o
 .debug_macro   0x0000f40a       0x3a Drivers/STM32F4xx_HAL_Driver/stm32f4xx_hal.o
 .debug_macro   0x0000f444       0x10 Drivers/STM32F4xx_HAL_Driver/stm32f4xx_hal.o
 .debug_macro   0x0000f454       0x40 Drivers/STM32F4xx_HAL_Driver/stm32f4xx_hal.o
 .debug_macro   0x0000f494       0x65 Drivers/STM32F4xx_HAL_Driver/stm32f4xx_hal.o
 .debug_macro   0x0000f4f9       0x16 Drivers/STM32F4xx_HAL_Driver/stm32f4xx_hal.o
 .debug_macro   0x0000f50f      0x197 Drivers/STM32F4xx_HAL_Driver/stm32f4xx_hal.o
 .debug_macro   0x0000f6a6       0x50 Drivers/STM32F4xx_HAL_Driver/stm32f4xx_hal.o
 .debug_macro   0x0000f6f6      0xc9e Drivers/STM32F4xx_HAL_Driver/stm32f4xx_hal.o
 .debug_macro   0x00010394      0x9da Drivers/STM32F4xx_HAL_Driver/stm32f4xx_hal.o
 .debug_macro   0x00010d6e      0x11e Drivers/STM32F4xx_HAL_Driver/stm32f4xx_hal.o
 .debug_macro   0x00010e8c      0x1a0 Drivers/STM32F4xx_HAL_Driver/stm32f4xx_hal.o
 .debug_macro   0x0001102c       0x27 Drivers/STM32F4xx_HAL_Driver/stm32f4xx_hal.o
 .debug_macro   0x00011053      0x272 Drivers/STM32F4xx_HAL_Driver/stm32f4xx_hal.o
 .debug_macro   0x000112c5       0x5f Drivers/STM32F4xx_HAL_Driver/stm32f4xx_hal.o
 .debug_macro   0x00011324      0x23a Drivers/STM32F4xx_HAL_Driver/stm32f4xx_hal.o
 .debug_macro   0x0001155e      0x13a Drivers/STM32F4xx_HAL_Driver/stm32f4xx_hal.o
 .debug_macro   0x00011698      0x29c Drivers/STM32F4xx_HAL_Driver/stm32f4xx_hal.o
 .debug_macro   0x00011934       0x2e Drivers/STM32F4xx_HAL_Driver/stm32f4xx_hal.o
 .debug_macro   0x00011962      0x18b Drivers/STM32F4xx_HAL_Driver/stm32f4xx_hal.o
 .debug_macro   0x00011aed       0x30 Drivers/STM32F4xx_HAL_Driver/stm32f4xx_hal.o
 .debug_macro   0x00011b1d       0x35 Drivers/STM32F4xx_HAL_Driver/stm32f4xx_hal.o
 .debug_macro   0x00011b52      0x11e Drivers/STM32F4xx_HAL_Driver/stm32f4xx_hal.o
 .debug_macro   0x00011c70       0xe8 Drivers/STM32F4xx_HAL_Driver/stm32f4xx_hal.o
 .debug_macro   0x00011d58       0x89 Drivers/STM32F4xx_HAL_Driver/stm32f4xx_hal.o
 .debug_macro   0x00011de1      0x287 Drivers/STM32F4xx_HAL_Driver/stm32f4xx_hal.o
 .debug_macro   0x00012068      0x11e Drivers/STM32F4xx_HAL_Driver/stm32f4xx_hal.o
 .debug_macro   0x00012186      0x2de Drivers/STM32F4xx_HAL_Driver/stm32f4xx_hal_cortex.o
 .debug_macro   0x00012464      0x2e5 Drivers/STM32F4xx_HAL_Driver/stm32f4xx_hal_dma.o
 .debug_macro   0x00012749      0x316 Drivers/STM32F4xx_HAL_Driver/stm32f4xx_hal_gpio.o
 .debug_macro   0x00012a5f      0x2df Drivers/STM32F4xx_HAL_Driver/stm32f4xx_hal_i2s.o
 .debug_macro   0x00012d3e      0x2de Drivers/STM32F4xx_HAL_Driver/stm32f4xx_hal_i2s_ex.o
 .debug_macro   0x0001301c      0x308 Drivers/STM32F4xx_HAL_Driver/stm32f4xx_hal_rcc.o
 .debug_macro   0x00013324      0x2de Drivers/STM32F4xx_HAL_Driver/stm32f4xx_hal_rcc_ex.o
 .debug_macro   0x00013602      0x2df Drivers/STM32F4xx_HAL_Driver/stm32f4xx_hal_uart.o
 .debug_macro   0x000138e1      0x2e4 Drivers/CMSIS/system_stm32f4xx.o
 .debug_macro   0x00013bc5      0x2f5 Application/User/main.o
 .debug_macro   0x00013eba       0x16 Application/User/main.o
 .debug_macro   0x00013ed0       0x35 Application/User/main.o
 .debug_macro   0x00013f05      0x2de Application/User/stm32f4xx_hal_msp.o
 .debug_macro   0x000141e3      0x2e8 Application/User/stm32f4xx_it.o

.debug_line     0x00000000     0x8610
 .debug_line    0x00000000      0x96b Drivers/STM32F4xx_HAL_Driver/stm32f4xx_hal.o
 .debug_line    0x0000096b      0x9e0 Drivers/STM32F4xx_HAL_Driver/stm32f4xx_hal_cortex.o
 .debug_line    0x0000134b      0xa47 Drivers/STM32F4xx_HAL_Driver/stm32f4xx_hal_dma.o
 .debug_line    0x00001d92      0x9ad Drivers/STM32F4xx_HAL_Driver/stm32f4xx_hal_gpio.o
 .debug_line    0x0000273f      0xc8f Drivers/STM32F4xx_HAL_Driver/stm32f4xx_hal_i2s.o
 .debug_line    0x000033ce      0x85a Drivers/STM32F4xx_HAL_Driver/stm32f4xx_hal_i2s_ex.o
 .debug_line    0x00003c28      0xaf0 Drivers/STM32F4xx_HAL_Driver/stm32f4xx_hal_rcc.o
 .debug_line    0x00004718      0xdb8 Drivers/STM32F4xx_HAL_Driver/stm32f4xx_hal_rcc_ex.o
 .debug_line    0x000054d0      0xe9d Drivers/STM32F4xx_HAL_Driver/stm32f4xx_hal_uart.o
 .debug_line    0x0000636d      0x83c Drivers/CMSIS/system_stm32f4xx.o
 .debug_line    0x00006ba9      0x911 Application/User/main.o
 .debug_line    0x000074ba      0x87b Application/User/stm32f4xx_hal_msp.o
 .debug_line    0x00007d35      0x7fb Application/User/stm32f4xx_it.o
 .debug_line    0x00008530       0xe0 Application/SW4STM32/startup_stm32f446xx.o

.debug_str      0x00000000    0x7c4aa
 .debug_str     0x00000000    0x7a69c Drivers/STM32F4xx_HAL_Driver/stm32f4xx_hal.o
                              0x7aa75 (size before relaxing)
 .debug_str     0x0007a69c      0x3ba Drivers/STM32F4xx_HAL_Driver/stm32f4xx_hal_cortex.o
                              0x7a8b7 (size before relaxing)
 .debug_str     0x0007aa56      0x482 Drivers/STM32F4xx_HAL_Driver/stm32f4xx_hal_dma.o
                              0x7a31d (size before relaxing)
 .debug_str     0x0007aed8      0x31f Drivers/STM32F4xx_HAL_Driver/stm32f4xx_hal_gpio.o
                              0x7a2c5 (size before relaxing)
 .debug_str     0x0007b1f7      0x3aa Drivers/STM32F4xx_HAL_Driver/stm32f4xx_hal_i2s.o
                              0x7a52c (size before relaxing)
 .debug_str     0x0007b5a1       0xd9 Drivers/STM32F4xx_HAL_Driver/stm32f4xx_hal_i2s_ex.o
                              0x7a47e (size before relaxing)
 .debug_str     0x0007b67a      0x3c6 Drivers/STM32F4xx_HAL_Driver/stm32f4xx_hal_rcc.o
                              0x7a459 (size before relaxing)
 .debug_str     0x0007ba40      0x2f5 Drivers/STM32F4xx_HAL_Driver/stm32f4xx_hal_rcc_ex.o
                              0x7a3d8 (size before relaxing)
 .debug_str     0x0007bd35      0x471 Drivers/STM32F4xx_HAL_Driver/stm32f4xx_hal_uart.o
                              0x7a68e (size before relaxing)
 .debug_str     0x0007c1a6       0xbb Drivers/CMSIS/system_stm32f4xx.o
                              0x7a06e (size before relaxing)
 .debug_str     0x0007c261      0x128 Application/User/main.o
                              0x7b037 (size before relaxing)
 .debug_str     0x0007c389       0x9f Application/User/stm32f4xx_hal_msp.o
                              0x7aba5 (size before relaxing)
 .debug_str     0x0007c428       0x82 Application/User/stm32f4xx_it.o
                              0x7a16f (size before relaxing)

.comment        0x00000000       0x6e
 .comment       0x00000000       0x6e Drivers/STM32F4xx_HAL_Driver/stm32f4xx_hal.o
                                 0x6f (size before relaxing)
 .comment       0x0000006e       0x6f Drivers/STM32F4xx_HAL_Driver/stm32f4xx_hal_cortex.o
 .comment       0x0000006e       0x6f Drivers/STM32F4xx_HAL_Driver/stm32f4xx_hal_dma.o
 .comment       0x0000006e       0x6f Drivers/STM32F4xx_HAL_Driver/stm32f4xx_hal_gpio.o
 .comment       0x0000006e       0x6f Drivers/STM32F4xx_HAL_Driver/stm32f4xx_hal_i2s.o
 .comment       0x0000006e       0x6f Drivers/STM32F4xx_HAL_Driver/stm32f4xx_hal_i2s_ex.o
 .comment       0x0000006e       0x6f Drivers/STM32F4xx_HAL_Driver/stm32f4xx_hal_rcc.o
 .comment       0x0000006e       0x6f Drivers/STM32F4xx_HAL_Driver/stm32f4xx_hal_rcc_ex.o
 .comment       0x0000006e       0x6f Drivers/STM32F4xx_HAL_Driver/stm32f4xx_hal_uart.o
 .comment       0x0000006e       0x6f Drivers/CMSIS/system_stm32f4xx.o
 .comment       0x0000006e       0x6f Application/User/main.o
 .comment       0x0000006e       0x6f Application/User/stm32f4xx_hal_msp.o
 .comment       0x0000006e       0x6f Application/User/stm32f4xx_it.o

.debug_frame    0x00000000      0xe74
 .debug_frame   0x00000000      0x184 Drivers/STM32F4xx_HAL_Driver/stm32f4xx_hal.o
 .debug_frame   0x00000184      0x130 Drivers/STM32F4xx_HAL_Driver/stm32f4xx_hal_cortex.o
 .debug_frame   0x000002b4      0x120 Drivers/STM32F4xx_HAL_Driver/stm32f4xx_hal_dma.o
 .debug_frame   0x000003d4       0xd4 Drivers/STM32F4xx_HAL_Driver/stm32f4xx_hal_gpio.o
 .debug_frame   0x000004a8      0x260 Drivers/STM32F4xx_HAL_Driver/stm32f4xx_hal_i2s.o
 .debug_frame   0x00000708       0x40 Drivers/STM32F4xx_HAL_Driver/stm32f4xx_hal_i2s_ex.o
 .debug_frame   0x00000748      0x150 Drivers/STM32F4xx_HAL_Driver/stm32f4xx_hal_rcc.o
 .debug_frame   0x00000898       0xd8 Drivers/STM32F4xx_HAL_Driver/stm32f4xx_hal_rcc_ex.o
 .debug_frame   0x00000970      0x318 Drivers/STM32F4xx_HAL_Driver/stm32f4xx_hal_uart.o
 .debug_frame   0x00000c88       0x30 Drivers/CMSIS/system_stm32f4xx.o
 .debug_frame   0x00000cb8       0xbc Application/User/main.o
 .debug_frame   0x00000d74       0x98 Application/User/stm32f4xx_hal_msp.o
 .debug_frame   0x00000e0c       0x3c Application/User/stm32f4xx_it.o
 .debug_frame   0x00000e48       0x2c c:/ac6/systemworkbench/plugins/fr.ac6.mcu.externaltools.arm-none.win32_1.7.0.201602121829/tools/compiler/bin/../lib/gcc/arm-none-eabi/5.2.1/../../../../arm-none-eabi/lib/armv7e-m/fpu\libc_nano.a(lib_a-init.o)
